
> Configure project :
The 'sonarqube' task depends on compile tasks. This behavior is now deprecated and will be removed in version 5.x. To avoid implicit compilation, set property 'sonar.gradle.skipCompile' to 'true' and make sure your project is compiled, before analysis has started.
The 'sonar' task depends on compile tasks. This behavior is now deprecated and will be removed in version 5.x. To avoid implicit compilation, set property 'sonar.gradle.skipCompile' to 'true' and make sure your project is compiled, before analysis has started.

> Task :clean
> Task :compileJava
> Task :processResources
> Task :classes
> Task :compileTestJava
> Task :processTestResources
> Task :testClasses
.\gradlew.bat : OpenJDK 64-Bit Server VM warning: Sharing is only supported for boot loader classes because bootstrap classpath has been appended
At line:1 char:142
+ ... lyContinue; .\gradlew.bat clean test jacocoTestReport --console=plain ...
+                 ~~~~~~~~~~~~~~~~~~~~~~~~~~~~~~~~~~~~~~~~~~~~~~~~~~~~~~~~~
    + CategoryInfo          : NotSpecified: (OpenJDK 64-Bit ...s been appended:String) [], RemoteException
    + FullyQualifiedErrorId : NativeCommandError
 
> Task :test
> Task :jacocoTestCoverageVerification
> Task :jacocoTestReport

Deprecated Gradle features were used in this build, making it incompatible with Gradle 9.0.

You can use '--warning-mode all' to show the individual deprecation warnings and determine if they come from your own scripts or plugins.

For more on this, please refer to https://docs.gradle.org/8.7/userguide/command_line_interface.html#sec:command_line_warnings in the Gradle documentation.

BUILD SUCCESSFUL in 12s
8 actionable tasks: 8 executed
